#-----------------------------------------------------------
# Vivado v2024.1 (64-bit)
# SW Build 5076996 on Wed May 22 18:37:14 MDT 2024
# IP Build 5075265 on Wed May 22 21:45:21 MDT 2024
# SharedData Build 5076995 on Wed May 22 18:29:18 MDT 2024
# Start of session at: Mon Aug  4 21:55:18 2025
# Process ID: 8944
# Current directory: D:/Learning/DSR_Lab/RISC_V/code/hazard/hazard/hazard.runs/synth_1
# Command line: vivado.exe -log RISC_V_pp.vds -product Vivado -mode batch -messageDb vivado.pb -notrace -source RISC_V_pp.tcl
# Log file: D:/Learning/DSR_Lab/RISC_V/code/hazard/hazard/hazard.runs/synth_1/RISC_V_pp.vds
# Journal file: D:/Learning/DSR_Lab/RISC_V/code/hazard/hazard/hazard.runs/synth_1\vivado.jou
# Running On        :DESKTOP-VU55O36
# Platform          :Windows Server 2016 or Windows 10
# Operating System  :22631
# Processor Detail  :13th Gen Intel(R) Core(TM) i7-13700
# CPU Frequency     :2112 MHz
# CPU Physical cores:16
# CPU Logical cores :24
# Host memory       :33942 MB
# Swap memory       :5100 MB
# Total Virtual     :39043 MB
# Available Virtual :22830 MB
#-----------------------------------------------------------
source RISC_V_pp.tcl -notrace
